MPLINK 4.41, Linker
Linker Map File - Created Wed Oct 24 20:33:37 2012

                                 Section Info
                  Section       Type    Address   Location Size(Bytes)
                ---------  ---------  ---------  ---------  ---------
                   .org_0       code   0x000000    program   0x000000
                   .org_1       code   0x000000    program   0x000002
                   .org_2       code   0x000004    program   0x00004e



                              Program Memory Usage 
                               Start         End      
                           ---------   ---------      
                            0x000000    0x000000      
                            0x000004    0x00002a      
            40 out of 8454 program addresses used, program memory utilization is 0%



                              Symbols - Sorted by Name
                     Name    Address   Location    Storage File                     
                ---------  ---------  ---------  --------- ---------                
                      AUX   0x000004    program     static C:\Users\37419582807\Desktop\ZE\rover\rover.asm
                   INICIO   0x000005    program     static C:\Users\37419582807\Desktop\ZE\rover\rover.asm
                     MAIN   0x000015    program     static C:\Users\37419582807\Desktop\ZE\rover\rover.asm
              OUT_OF_TAPE   0x000022    program     static C:\Users\37419582807\Desktop\ZE\rover\rover.asm
                 STRAIGHT   0x000022    program     static C:\Users\37419582807\Desktop\ZE\rover\rover.asm
                TURN_LEFT   0x000025    program     static C:\Users\37419582807\Desktop\ZE\rover\rover.asm
               TURN_RIGHT   0x000028    program     static C:\Users\37419582807\Desktop\ZE\rover\rover.asm
                    UNDEF   0x000022    program     static C:\Users\37419582807\Desktop\ZE\rover\rover.asm



                              Symbols - Sorted by Address
                     Name    Address   Location    Storage File                     
                ---------  ---------  ---------  --------- ---------                
                      AUX   0x000004    program     static C:\Users\37419582807\Desktop\ZE\rover\rover.asm
                   INICIO   0x000005    program     static C:\Users\37419582807\Desktop\ZE\rover\rover.asm
                     MAIN   0x000015    program     static C:\Users\37419582807\Desktop\ZE\rover\rover.asm
              OUT_OF_TAPE   0x000022    program     static C:\Users\37419582807\Desktop\ZE\rover\rover.asm
                 STRAIGHT   0x000022    program     static C:\Users\37419582807\Desktop\ZE\rover\rover.asm
                    UNDEF   0x000022    program     static C:\Users\37419582807\Desktop\ZE\rover\rover.asm
                TURN_LEFT   0x000025    program     static C:\Users\37419582807\Desktop\ZE\rover\rover.asm
               TURN_RIGHT   0x000028    program     static C:\Users\37419582807\Desktop\ZE\rover\rover.asm


